
======================================================================
TRAINING CONFIG: Q-Learning (eps=1.0, decay=0.999)
======================================================================
Training finished. Learned states: 228

======================================================================
TRAINING CONFIG: SARSA (eps=1.0, decay=0.999)
======================================================================
Training finished. Learned states: 224

======================================================================
TRAINING CONFIG: Q-Learning (eps=1.0, decay=0.995)
======================================================================
Training finished. Learned states: 233

======================================================================
TRAINING CONFIG: SARSA (eps=1.0, decay=0.995)
======================================================================
Training finished. Learned states: 224

======================================================================
TRAINING CONFIG: Q-Learning (eps=0.25, no decay)
======================================================================
Training finished. Learned states: 225

======================================================================
TRAINING CONFIG: SARSA (eps=0.25, no decay)
======================================================================
Training finished. Learned states: 225


######################################################################
FINAL RESULTS FOR: Q-Learning (eps=1.0, decay=0.999)
######################################################################
--------------------------------------------------
Baseline: Scout + Defender + Support
--------------------------------------------------
success_rate: 0.804
avg_survivors: 2.066
avg_steps: 99.794
avg_attack_events: 9.028
avg_heal_events: 5.646
avg_scan_events: 0.888
--------------------------------------------------
Adaptive replaces Scout
--------------------------------------------------
success_rate: 0.840
avg_survivors: 2.340
avg_steps: 106.748
avg_attack_events: 11.090
avg_heal_events: 6.740
avg_scan_events: 0.662
adaptive_scout_ratio: 0.450
adaptive_defender_ratio: 0.492
adaptive_support_ratio: 0.058
--------------------------------------------------
Adaptive replaces Defender
--------------------------------------------------
success_rate: 0.780
avg_survivors: 1.664
avg_steps: 85.060
avg_attack_events: 6.434
avg_heal_events: 4.534
avg_scan_events: 0.910
adaptive_scout_ratio: 0.481
adaptive_defender_ratio: 0.459
adaptive_support_ratio: 0.060
--------------------------------------------------
Adaptive replaces Support
--------------------------------------------------
success_rate: 0.828
avg_survivors: 1.460
avg_steps: 79.960
avg_attack_events: 7.090
avg_heal_events: 1.300
avg_scan_events: 0.942
adaptive_scout_ratio: 0.420
adaptive_defender_ratio: 0.454
adaptive_support_ratio: 0.126
--------------------------------------------------
Adaptive (All Roles)
--------------------------------------------------
success_rate: 0.918
avg_survivors: 2.298
avg_steps: 74.540
avg_attack_events: 10.142
avg_heal_events: 5.472
avg_scan_events: 0.900
adaptive_scout_ratio: 0.435
adaptive_defender_ratio: 0.478
adaptive_support_ratio: 0.087


######################################################################
FINAL RESULTS FOR: SARSA (eps=1.0, decay=0.999)
######################################################################
--------------------------------------------------
Baseline: Scout + Defender + Support
--------------------------------------------------
success_rate: 0.804
avg_survivors: 2.066
avg_steps: 99.794
avg_attack_events: 9.028
avg_heal_events: 5.646
avg_scan_events: 0.888
--------------------------------------------------
Adaptive replaces Scout
--------------------------------------------------
success_rate: 0.616
avg_survivors: 2.250
avg_steps: 170.362
avg_attack_events: 12.280
avg_heal_events: 9.520
avg_scan_events: 0.248
adaptive_scout_ratio: 0.162
adaptive_defender_ratio: 0.015
adaptive_support_ratio: 0.822
--------------------------------------------------
Adaptive replaces Defender
--------------------------------------------------
success_rate: 0.524
avg_survivors: 0.770
avg_steps: 95.610
avg_attack_events: 3.106
avg_heal_events: 14.788
avg_scan_events: 0.714
adaptive_scout_ratio: 0.363
adaptive_defender_ratio: 0.168
adaptive_support_ratio: 0.468
--------------------------------------------------
Adaptive replaces Support
--------------------------------------------------
success_rate: 0.740
avg_survivors: 1.602
avg_steps: 92.154
avg_attack_events: 7.438
avg_heal_events: 4.570
avg_scan_events: 0.886
adaptive_scout_ratio: 0.315
adaptive_defender_ratio: 0.039
adaptive_support_ratio: 0.646
--------------------------------------------------
Adaptive (All Roles)
--------------------------------------------------
success_rate: 0.604
avg_survivors: 1.462
avg_steps: 134.896
avg_attack_events: 10.054
avg_heal_events: 5.632
avg_scan_events: 0.380
adaptive_scout_ratio: 0.227
adaptive_defender_ratio: 0.112
adaptive_support_ratio: 0.662


######################################################################
FINAL RESULTS FOR: Q-Learning (eps=1.0, decay=0.995)
######################################################################
--------------------------------------------------
Baseline: Scout + Defender + Support
--------------------------------------------------
success_rate: 0.804
avg_survivors: 2.066
avg_steps: 99.794
avg_attack_events: 9.028
avg_heal_events: 5.646
avg_scan_events: 0.888
--------------------------------------------------
Adaptive replaces Scout
--------------------------------------------------
success_rate: 0.834
avg_survivors: 2.368
avg_steps: 104.404
avg_attack_events: 11.088
avg_heal_events: 6.606
avg_scan_events: 0.732
adaptive_scout_ratio: 0.593
adaptive_defender_ratio: 0.261
adaptive_support_ratio: 0.146
--------------------------------------------------
Adaptive replaces Defender
--------------------------------------------------
success_rate: 0.762
avg_survivors: 1.602
avg_steps: 88.206
avg_attack_events: 6.436
avg_heal_events: 5.196
avg_scan_events: 0.912
adaptive_scout_ratio: 0.523
adaptive_defender_ratio: 0.310
adaptive_support_ratio: 0.167
--------------------------------------------------
Adaptive replaces Support
--------------------------------------------------
success_rate: 0.848
avg_survivors: 1.512
avg_steps: 82.996
avg_attack_events: 7.360
avg_heal_events: 1.470
avg_scan_events: 0.960
adaptive_scout_ratio: 0.486
adaptive_defender_ratio: 0.275
adaptive_support_ratio: 0.239
--------------------------------------------------
Adaptive (All Roles)
--------------------------------------------------
success_rate: 0.904
avg_survivors: 2.354
avg_steps: 75.948
avg_attack_events: 10.526
avg_heal_events: 5.112
avg_scan_events: 0.916
adaptive_scout_ratio: 0.528
adaptive_defender_ratio: 0.272
adaptive_support_ratio: 0.200


######################################################################
FINAL RESULTS FOR: SARSA (eps=1.0, decay=0.995)
######################################################################
--------------------------------------------------
Baseline: Scout + Defender + Support
--------------------------------------------------
success_rate: 0.804
avg_survivors: 2.066
avg_steps: 99.794
avg_attack_events: 9.028
avg_heal_events: 5.646
avg_scan_events: 0.888
--------------------------------------------------
Adaptive replaces Scout
--------------------------------------------------
success_rate: 0.864
avg_survivors: 2.436
avg_steps: 96.048
avg_attack_events: 10.700
avg_heal_events: 6.558
avg_scan_events: 0.786
adaptive_scout_ratio: 0.635
adaptive_defender_ratio: 0.219
adaptive_support_ratio: 0.146
--------------------------------------------------
Adaptive replaces Defender
--------------------------------------------------
success_rate: 0.810
avg_survivors: 1.836
avg_steps: 87.670
avg_attack_events: 6.780
avg_heal_events: 4.698
avg_scan_events: 0.928
adaptive_scout_ratio: 0.562
adaptive_defender_ratio: 0.256
adaptive_support_ratio: 0.182
--------------------------------------------------
Adaptive replaces Support
--------------------------------------------------
success_rate: 0.834
avg_survivors: 1.768
avg_steps: 94.082
avg_attack_events: 8.524
avg_heal_events: 2.596
avg_scan_events: 0.930
adaptive_scout_ratio: 0.353
adaptive_defender_ratio: 0.225
adaptive_support_ratio: 0.422
--------------------------------------------------
Adaptive (All Roles)
--------------------------------------------------
success_rate: 0.930
avg_survivors: 2.592
avg_steps: 77.050
avg_attack_events: 9.950
avg_heal_events: 5.188
avg_scan_events: 0.928
adaptive_scout_ratio: 0.590
adaptive_defender_ratio: 0.203
adaptive_support_ratio: 0.207


######################################################################
FINAL RESULTS FOR: Q-Learning (eps=0.25, no decay)
######################################################################
--------------------------------------------------
Baseline: Scout + Defender + Support
--------------------------------------------------
success_rate: 0.804
avg_survivors: 2.066
avg_steps: 99.794
avg_attack_events: 9.028
avg_heal_events: 5.646
avg_scan_events: 0.888
--------------------------------------------------
Adaptive replaces Scout
--------------------------------------------------
success_rate: 0.654
avg_survivors: 2.296
avg_steps: 169.402
avg_attack_events: 12.594
avg_heal_events: 9.360
avg_scan_events: 0.280
adaptive_scout_ratio: 0.150
adaptive_defender_ratio: 0.028
adaptive_support_ratio: 0.822
--------------------------------------------------
Adaptive replaces Defender
--------------------------------------------------
success_rate: 0.574
avg_survivors: 0.818
avg_steps: 101.426
avg_attack_events: 4.048
avg_heal_events: 13.022
avg_scan_events: 0.788
adaptive_scout_ratio: 0.379
adaptive_defender_ratio: 0.187
adaptive_support_ratio: 0.434
--------------------------------------------------
Adaptive replaces Support
--------------------------------------------------
success_rate: 0.758
avg_survivors: 1.568
avg_steps: 91.562
avg_attack_events: 7.920
avg_heal_events: 4.346
avg_scan_events: 0.900
adaptive_scout_ratio: 0.255
adaptive_defender_ratio: 0.094
adaptive_support_ratio: 0.651
--------------------------------------------------
Adaptive (All Roles)
--------------------------------------------------
success_rate: 0.658
avg_survivors: 1.564
avg_steps: 142.644
avg_attack_events: 11.438
avg_heal_events: 5.390
avg_scan_events: 0.536
adaptive_scout_ratio: 0.293
adaptive_defender_ratio: 0.253
adaptive_support_ratio: 0.455


######################################################################
FINAL RESULTS FOR: SARSA (eps=0.25, no decay)
######################################################################
--------------------------------------------------
Baseline: Scout + Defender + Support
--------------------------------------------------
success_rate: 0.804
avg_survivors: 2.066
avg_steps: 99.794
avg_attack_events: 9.028
avg_heal_events: 5.646
avg_scan_events: 0.888
--------------------------------------------------
Adaptive replaces Scout
--------------------------------------------------
success_rate: 0.658
avg_survivors: 2.278
avg_steps: 184.332
avg_attack_events: 13.108
avg_heal_events: 8.498
avg_scan_events: 0.104
adaptive_scout_ratio: 0.046
adaptive_defender_ratio: 0.906
adaptive_support_ratio: 0.048
--------------------------------------------------
Adaptive replaces Defender
--------------------------------------------------
success_rate: 0.814
avg_survivors: 1.968
avg_steps: 93.630
avg_attack_events: 7.862
avg_heal_events: 6.034
avg_scan_events: 0.914
adaptive_scout_ratio: 0.069
adaptive_defender_ratio: 0.868
adaptive_support_ratio: 0.064
--------------------------------------------------
Adaptive replaces Support
--------------------------------------------------
success_rate: 0.824
avg_survivors: 1.598
avg_steps: 83.570
avg_attack_events: 7.854
avg_heal_events: 2.046
avg_scan_events: 0.952
adaptive_scout_ratio: 0.146
adaptive_defender_ratio: 0.666
adaptive_support_ratio: 0.188
--------------------------------------------------
Adaptive (All Roles)
--------------------------------------------------
success_rate: 0.710
avg_survivors: 2.150
avg_steps: 168.510
avg_attack_events: 13.082
avg_heal_events: 7.048
avg_scan_events: 0.306
adaptive_scout_ratio: 0.062
adaptive_defender_ratio: 0.861
adaptive_support_ratio: 0.078
